<?xml version="1.0" encoding="UTF-8"?>

<!-- generated on 2024-06-24 11:48:25 by Eclipse SUMO GUI Version 1.19.0
<configuration xmlns:xsi="http://www.w3.org/2001/XMLSchema-instance" xsi:noNamespaceSchemaLocation="http://sumo.dlr.de/xsd/sumoConfiguration.xsd">

    <input>
        <net-file value="data/cross.net.xml"/>
        <route-files value="data/cross.rou.xml"/>
        <additional-files value="data/cross.det.xml"/>
    </input>

    <output>
        <tripinfo-output value="tripinfo.xml"/>
    </output>

    <time>
        <begin value="0"/>
    </time>

    <report>
        <verbose value="true"/>
        <no-step-log value="true"/>
    </report>

    <traci_server>
        <remote-port value="51314"/>
    </traci_server>

    <gui_only>
        <gui-settings-file value="data/gui-settings.xml"/>
    </gui_only>

</configuration>
-->

<detector xmlns:xsi="http://www.w3.org/2001/XMLSchema-instance" xsi:noNamespaceSchemaLocation="http://sumo.dlr.de/xsd/det_e1_file.xsd">
    <interval begin="0.00" end="30.00" id="0" nVehContrib="0" flow="0.00" occupancy="0.00" speed="-1.00" harmonicMeanSpeed="-1.00" length="-1.00" nVehEntered="0"/>
    <interval begin="30.00" end="60.00" id="0" nVehContrib="0" flow="0.00" occupancy="0.00" speed="-1.00" harmonicMeanSpeed="-1.00" length="-1.00" nVehEntered="0"/>
    <interval begin="60.00" end="90.00" id="0" nVehContrib="0" flow="0.00" occupancy="0.00" speed="-1.00" harmonicMeanSpeed="-1.00" length="-1.00" nVehEntered="0"/>
    <interval begin="90.00" end="120.00" id="0" nVehContrib="0" flow="0.00" occupancy="0.00" speed="-1.00" harmonicMeanSpeed="-1.00" length="-1.00" nVehEntered="0"/>
    <interval begin="120.00" end="150.00" id="0" nVehContrib="2" flow="240.00" occupancy="4.09" speed="16.30" harmonicMeanSpeed="16.30" length="10.00" nVehEntered="2"/>
    <interval begin="150.00" end="180.00" id="0" nVehContrib="1" flow="120.00" occupancy="2.11" speed="15.82" harmonicMeanSpeed="15.82" length="10.00" nVehEntered="1"/>
    <interval begin="180.00" end="210.00" id="0" nVehContrib="0" flow="0.00" occupancy="0.00" speed="-1.00" harmonicMeanSpeed="-1.00" length="-1.00" nVehEntered="0"/>
    <interval begin="210.00" end="240.00" id="0" nVehContrib="1" flow="120.00" occupancy="2.03" speed="16.41" harmonicMeanSpeed="16.41" length="10.00" nVehEntered="1"/>
    <interval begin="240.00" end="263.00" id="0" nVehContrib="0" flow="0.00" occupancy="0.00" speed="-1.00" harmonicMeanSpeed="-1.00" length="-1.00" nVehEntered="0"/>
</detector>
